Could not encode this one: 0f6f9f146cacb683ad81eda168daaf88Could not encode this one: 0f6f9f146cacb683ad81eda168daaf88